// Jest Snapshot v1, https://goo.gl/fbAQLP

exports[`User API Route Handlers: should have unchanged route handlers 1`] = `
Array [
  Layer {
    "handle": [Function],
    "keys": Array [],
    "name": "bound dispatch",
    "params": undefined,
    "path": undefined,
    "regexp": /\\^\\\\/\\?\\$/i,
    "route": Route {
      "methods": Object {
        "get": true,
      },
      "path": "/",
      "stack": Array [
        Layer {
          "handle": [Function],
          "keys": Array [],
          "method": "get",
          "name": "middleware",
          "params": undefined,
          "path": undefined,
          "regexp": /\\^\\\\/\\?\\$/i,
        },
        Layer {
          "handle": [Function],
          "keys": Array [],
          "method": "get",
          "name": "<anonymous>",
          "params": undefined,
          "path": undefined,
          "regexp": /\\^\\\\/\\?\\$/i,
        },
      ],
    },
  },
  Layer {
    "handle": [Function],
    "keys": Array [],
    "name": "bound dispatch",
    "params": undefined,
    "path": undefined,
    "regexp": /\\^\\\\/me\\\\/\\?\\$/i,
    "route": Route {
      "methods": Object {
        "get": true,
      },
      "path": "/me",
      "stack": Array [
        Layer {
          "handle": [Function],
          "keys": Array [],
          "method": "get",
          "name": "middleware",
          "params": undefined,
          "path": undefined,
          "regexp": /\\^\\\\/\\?\\$/i,
        },
        Layer {
          "handle": [Function],
          "keys": Array [],
          "method": "get",
          "name": "<anonymous>",
          "params": undefined,
          "path": undefined,
          "regexp": /\\^\\\\/\\?\\$/i,
        },
      ],
    },
  },
  Layer {
    "handle": [Function],
    "keys": Array [
      Object {
        "name": "email",
        "offset": 14,
        "optional": false,
      },
    ],
    "name": "bound dispatch",
    "params": undefined,
    "path": undefined,
    "regexp": /\\^\\\\/unsubscribe\\\\/\\(\\?:\\(\\[\\^\\\\/\\]\\+\\?\\)\\)\\\\/\\?\\$/i,
    "route": Route {
      "methods": Object {
        "get": true,
      },
      "path": "/unsubscribe/:email",
      "stack": Array [
        Layer {
          "handle": [Function],
          "keys": Array [],
          "method": "get",
          "name": "<anonymous>",
          "params": undefined,
          "path": undefined,
          "regexp": /\\^\\\\/\\?\\$/i,
        },
      ],
    },
  },
  Layer {
    "handle": [Function],
    "keys": Array [],
    "name": "bound dispatch",
    "params": undefined,
    "path": undefined,
    "regexp": /\\^\\\\/\\?\\$/i,
    "route": Route {
      "methods": Object {
        "post": true,
      },
      "path": "/",
      "stack": Array [
        Layer {
          "handle": [Function],
          "keys": Array [],
          "method": "post",
          "name": "<anonymous>",
          "params": undefined,
          "path": undefined,
          "regexp": /\\^\\\\/\\?\\$/i,
        },
      ],
    },
  },
  Layer {
    "handle": [Function],
    "keys": Array [],
    "name": "bound dispatch",
    "params": undefined,
    "path": undefined,
    "regexp": /\\^\\\\/subscribe\\\\/\\?\\$/i,
    "route": Route {
      "methods": Object {
        "post": true,
      },
      "path": "/subscribe",
      "stack": Array [
        Layer {
          "handle": [Function],
          "keys": Array [],
          "method": "post",
          "name": "<anonymous>",
          "params": undefined,
          "path": undefined,
          "regexp": /\\^\\\\/\\?\\$/i,
        },
      ],
    },
  },
  Layer {
    "handle": [Function],
    "keys": Array [],
    "name": "bound dispatch",
    "params": undefined,
    "path": undefined,
    "regexp": /\\^\\\\/message\\\\/\\?\\$/i,
    "route": Route {
      "methods": Object {
        "post": true,
      },
      "path": "/message",
      "stack": Array [
        Layer {
          "handle": [Function],
          "keys": Array [],
          "method": "post",
          "name": "<anonymous>",
          "params": undefined,
          "path": undefined,
          "regexp": /\\^\\\\/\\?\\$/i,
        },
      ],
    },
  },
  Layer {
    "handle": [Function],
    "keys": Array [],
    "name": "bound dispatch",
    "params": undefined,
    "path": undefined,
    "regexp": /\\^\\\\/forgotpassword\\\\/\\?\\$/i,
    "route": Route {
      "methods": Object {
        "post": true,
      },
      "path": "/forgotpassword",
      "stack": Array [
        Layer {
          "handle": [Function],
          "keys": Array [],
          "method": "post",
          "name": "<anonymous>",
          "params": undefined,
          "path": undefined,
          "regexp": /\\^\\\\/\\?\\$/i,
        },
      ],
    },
  },
  Layer {
    "handle": [Function],
    "keys": Array [
      Object {
        "name": "id",
        "offset": 1,
        "optional": false,
      },
    ],
    "name": "bound dispatch",
    "params": undefined,
    "path": undefined,
    "regexp": /\\^\\\\/\\(\\?:\\(\\[\\^\\\\/\\]\\+\\?\\)\\)\\\\/\\?\\$/i,
    "route": Route {
      "methods": Object {
        "put": true,
      },
      "path": "/:id",
      "stack": Array [
        Layer {
          "handle": [Function],
          "keys": Array [],
          "method": "put",
          "name": "middleware",
          "params": undefined,
          "path": undefined,
          "regexp": /\\^\\\\/\\?\\$/i,
        },
        Layer {
          "handle": [Function],
          "keys": Array [],
          "method": "put",
          "name": "<anonymous>",
          "params": undefined,
          "path": undefined,
          "regexp": /\\^\\\\/\\?\\$/i,
        },
      ],
    },
  },
  Layer {
    "handle": [Function],
    "keys": Array [
      Object {
        "name": "id",
        "offset": 1,
        "optional": false,
      },
    ],
    "name": "bound dispatch",
    "params": undefined,
    "path": undefined,
    "regexp": /\\^\\\\/\\(\\?:\\(\\[\\^\\\\/\\]\\+\\?\\)\\)\\\\/admin\\\\/\\?\\$/i,
    "route": Route {
      "methods": Object {
        "put": true,
      },
      "path": "/:id/admin",
      "stack": Array [
        Layer {
          "handle": [Function],
          "keys": Array [],
          "method": "put",
          "name": "middleware",
          "params": undefined,
          "path": undefined,
          "regexp": /\\^\\\\/\\?\\$/i,
        },
        Layer {
          "handle": [Function],
          "keys": Array [],
          "method": "put",
          "name": "<anonymous>",
          "params": undefined,
          "path": undefined,
          "regexp": /\\^\\\\/\\?\\$/i,
        },
      ],
    },
  },
  Layer {
    "handle": [Function],
    "keys": Array [
      Object {
        "name": "id",
        "offset": 1,
        "optional": false,
      },
    ],
    "name": "bound dispatch",
    "params": undefined,
    "path": undefined,
    "regexp": /\\^\\\\/\\(\\?:\\(\\[\\^\\\\/\\]\\+\\?\\)\\)\\\\/\\?\\$/i,
    "route": Route {
      "methods": Object {
        "delete": true,
      },
      "path": "/:id",
      "stack": Array [
        Layer {
          "handle": [Function],
          "keys": Array [],
          "method": "delete",
          "name": "middleware",
          "params": undefined,
          "path": undefined,
          "regexp": /\\^\\\\/\\?\\$/i,
        },
        Layer {
          "handle": [Function],
          "keys": Array [],
          "method": "delete",
          "name": "<anonymous>",
          "params": undefined,
          "path": undefined,
          "regexp": /\\^\\\\/\\?\\$/i,
        },
      ],
    },
  },
]
`;
